2026-07-02 12:04:31.210  7963-8039  Finsky                  com.android.vending                  E  [523] VerifyApps: APK Analysis scan failed for org.sharesanitizer.app
                                                                                                    com.google.android.finsky.verifier.apkanalysis.client.ApkAnalysisException: DOWNLOAD_FILE_NOT_FOUND_EXCEPTION while analyzing APK
                                                                                                    	at axum.b(PG:152)
                                                                                                    	at cdym.rh(PG:5)
                                                                                                    	at cefv.run(PG:109)
                                                                                                    	at java.util.concurrent.ThreadPoolExecutor.runWorker(ThreadPoolExecutor.java:1167)
                                                                                                    	at java.util.concurrent.ThreadPoolExecutor$Worker.run(ThreadPoolExecutor.java:641)
                                                                                                    	at wiz.run(PG:670)
                                                                                                    	at java.lang.Thread.run(Thread.java:923)
---------------------------- PROCESS STARTED (9621) for package org.sharesanitizer.app ----------------------------
2026-07-02 12:04:37.446  7963-8039  Finsky                  com.android.vending                  E  [523] ItemStore: getItems RPC failed for item org.sharesanitizer.app
2026-07-02 12:04:40.064  9621-9621  NetworkSecurityConfig   org.sharesanitizer.app               D  No Network Security Config specified, using platform default
2026-07-02 12:04:40.065  9621-9621  NetworkSecurityConfig   org.sharesanitizer.app               D  No Network Security Config specified, using platform default
2026-07-02 12:04:40.139  9621-9672  libEGL                  org.sharesanitizer.app               D  loaded /vendor/lib64/egl/libEGL_emulation.so
2026-07-02 12:04:40.144  9621-9672  libEGL                  org.sharesanitizer.app               D  loaded /vendor/lib64/egl/libGLESv1_CM_emulation.so
2026-07-02 12:04:40.148  9621-9672  libEGL                  org.sharesanitizer.app               D  loaded /vendor/lib64/egl/libGLESv2_emulation.so
2026-07-02 12:04:40.701  9621-9621  Choreographer           org.sharesanitizer.app               I  Skipped 34 frames!  The application may be doing too much work on its main thread.
2026-07-02 12:04:40.777  9621-9670  HostConnection          org.sharesanitizer.app               D  HostConnection::get() New Host Connection established 0x725820a4bf10, tid 9670
2026-07-02 12:04:40.780  9621-9670  HostConnection          org.sharesanitizer.app               D  HostComposition ext ANDROID_EMU_CHECKSUM_HELPER_v1 ANDROID_EMU_native_sync_v2 ANDROID_EMU_native_sync_v3 ANDROID_EMU_native_sync_v4 ANDROID_EMU_dma_v1 ANDROID_EMU_direct_mem ANDROID_EMU_host_composition_v1 ANDROID_EMU_host_composition_v2 ANDROID_EMU_vulkan ANDROID_EMU_deferred_vulkan_commands ANDROID_EMU_vulkan_null_optional_strings ANDROID_EMU_vulkan_create_resources_with_requirements ANDROID_EMU_YUV_Cache ANDROID_EMU_vulkan_ignored_handles ANDROID_EMU_has_shared_slots_host_memory_allocator ANDROID_EMU_vulkan_free_memory_sync ANDROID_EMU_vulkan_shader_float16_int8 ANDROID_EMU_vulkan_async_queue_submit ANDROID_EMU_sync_buffer_data ANDROID_EMU_vulkan_async_qsri ANDROID_EMU_read_color_buffer_dma ANDROID_EMU_hwc_color_transform GL_OES_vertex_array_object GL_KHR_texture_compression_astc_ldr ANDROID_EMU_host_side_tracing ANDROID_EMU_gles_max_version_2 
2026-07-02 12:04:40.786  9621-9670  OpenGLRenderer          org.sharesanitizer.app               W  Failed to choose config with EGL_SWAP_BEHAVIOR_PRESERVED, retrying without...
2026-07-02 12:04:40.804  9621-9670  EGL_emulation           org.sharesanitizer.app               D  eglCreateContext: 0x725810a5f340: maj 2 min 0 rcv 2
2026-07-02 12:04:40.841  9621-9670  EGL_emulation           org.sharesanitizer.app               D  eglMakeCurrent: 0x725810a5f340: ver 2 0 (tinfo 0x7257b0a74180) (first time)
2026-07-02 12:04:40.866  9621-9670  Gralloc4                org.sharesanitizer.app               I  mapper 4.x is not supported
2026-07-02 12:04:40.869  9621-9670  HostConnection          org.sharesanitizer.app               D  createUnique: call
2026-07-02 12:04:40.869  9621-9670  HostConnection          org.sharesanitizer.app               D  HostConnection::get() New Host Connection established 0x725820a4d050, tid 9670
2026-07-02 12:04:40.905  9621-9670  goldfish-address-space  org.sharesanitizer.app               D  allocate: Ask for block of size 0x100
2026-07-02 12:04:40.905  9621-9670  goldfish-address-space  org.sharesanitizer.app               D  allocate: ioctl allocate returned offset 0x3f3ffe000 size 0x2000
2026-07-02 12:04:40.958  9621-9670  HostConnection          org.sharesanitizer.app               D  HostComposition ext ANDROID_EMU_CHECKSUM_HELPER_v1 ANDROID_EMU_native_sync_v2 ANDROID_EMU_native_sync_v3 ANDROID_EMU_native_sync_v4 ANDROID_EMU_dma_v1 ANDROID_EMU_direct_mem ANDROID_EMU_host_composition_v1 ANDROID_EMU_host_composition_v2 ANDROID_EMU_vulkan ANDROID_EMU_deferred_vulkan_commands ANDROID_EMU_vulkan_null_optional_strings ANDROID_EMU_vulkan_create_resources_with_requirements ANDROID_EMU_YUV_Cache ANDROID_EMU_vulkan_ignored_handles ANDROID_EMU_has_shared_slots_host_memory_allocator ANDROID_EMU_vulkan_free_memory_sync ANDROID_EMU_vulkan_shader_float16_int8 ANDROID_EMU_vulkan_async_queue_submit ANDROID_EMU_sync_buffer_data ANDROID_EMU_vulkan_async_qsri ANDROID_EMU_read_color_buffer_dma ANDROID_EMU_hwc_color_transform GL_OES_vertex_array_object GL_KHR_texture_compression_astc_ldr ANDROID_EMU_host_side_tracing ANDROID_EMU_gles_max_version_2 
2026-07-02 12:04:41.047  9621-9670  OpenGLRenderer          org.sharesanitizer.app               I  Davey! duration=920ms; Flags=1, IntendedVsync=1361705444226, Vsync=1362272110870, OldestInputEvent=9223372036854775807, NewestInputEvent=0, HandleInputStart=1362286103500, AnimationStart=1362286129000, PerformTraversalsStart=1362287799600, DrawStart=1362544772600, SyncQueued=1362554344700, SyncStart=1362560169600, IssueDrawCommandsStart=1362560322000, SwapBuffers=1362627807000, FrameCompleted=1362631844000, DequeueBufferDuration=542600, QueueBufferDuration=1256600, GpuCompleted=60129542144, 
2026-07-02 12:04:41.938  9621-9621  resanitizer.ap          org.sharesanitizer.app               W  Class androidx.compose.runtime.snapshots.SnapshotStateList failed lock verification and will run slower.
                                                                                                    Common causes for lock verification issues are non-optimized dex code
                                                                                                    and incorrect proguard optimizations.
2026-07-02 12:04:42.552  9621-9670  OpenGLRenderer          org.sharesanitizer.app               I  Davey! duration=2414ms; Flags=1, IntendedVsync=1361705444226, Vsync=1362272110870, OldestInputEvent=9223372036854775807, NewestInputEvent=0, HandleInputStart=1362286103500, AnimationStart=1362286129000, PerformTraversalsStart=1362287799600, DrawStart=1364042085200, SyncQueued=1364079802300, SyncStart=1364096186800, IssueDrawCommandsStart=1364096329900, SwapBuffers=1364132186300, FrameCompleted=1364136767600, DequeueBufferDuration=780100, QueueBufferDuration=1416600, GpuCompleted=0, 
2026-07-02 12:04:42.561  9621-9621  Choreographer           org.sharesanitizer.app               I  Skipped 111 frames!  The application may be doing too much work on its main thread.
2026-07-02 12:04:42.737  9621-9670  OpenGLRenderer          org.sharesanitizer.app               I  Davey! duration=2027ms; Flags=0, IntendedVsync=1362288796485, Vsync=1364138796411, OldestInputEvent=9223372036854775807, NewestInputEvent=0, HandleInputStart=1364146552000, AnimationStart=1364146640900, PerformTraversalsStart=1364310293400, DrawStart=1364311651300, SyncQueued=1364312306100, SyncStart=1364317848800, IssueDrawCommandsStart=1364317939600, SwapBuffers=1364318787300, FrameCompleted=1364322015000, DequeueBufferDuration=662400, QueueBufferDuration=835900, GpuCompleted=7163369285420535397, 
2026-07-02 12:04:42.892  9621-9670  OpenGLRenderer          org.sharesanitizer.app               I  Davey! duration=2186ms; Flags=0, IntendedVsync=1362288796485, Vsync=1364138796411, OldestInputEvent=9223372036854775807, NewestInputEvent=0, HandleInputStart=1364146552000, AnimationStart=1364146640900, PerformTraversalsStart=1364310293400, DrawStart=1364318477600, SyncQueued=1364471962700, SyncStart=1364474166000, IssueDrawCommandsStart=1364474360500, SwapBuffers=1364475480800, FrameCompleted=1364477476800, DequeueBufferDuration=217400, QueueBufferDuration=599900, GpuCompleted=0, 
2026-07-02 12:04:45.039  9621-9669  resanitizer.ap          org.sharesanitizer.app               I  Waiting for a blocking GC ProfileSaver
2026-07-02 12:04:46.240  9621-9682  ProfileInstaller        org.sharesanitizer.app               D  Installing profile for org.sharesanitizer.app
2026-07-02 12:05:20.362  9621-9670  OpenGLRenderer          org.sharesanitizer.app               D  endAllActiveAnimators on 0x725890a650b0 (RippleDrawable) with handle 0x7257b0aa6550
2026-07-02 12:09:52.173  9621-9621  DecorView[]             org.sharesanitizer.app               E  Destroying unexpected ActionMode instance of TYPE_FLOATING; com.android.internal.view.FloatingActionMode@154a035 was not the current floating action mode! Expected null
2026-07-02 12:09:52.451  9621-9670  OpenGLRenderer          org.sharesanitizer.app               D  endAllActiveAnimators on 0x725890a6f8e0 (RippleDrawable) with handle 0x7257b0aad030
2026-07-02 12:10:00.662  9621-9670  OpenGLRenderer          org.sharesanitizer.app               D  endAllActiveAnimators on 0x725890ab0c80 (UnprojectedRipple) with handle 0x7257b0aad090
2026-07-02 12:10:00.815  9621-9621  Compatibil...geReporter org.sharesanitizer.app               D  Compat change id reported: 147798919; UID 10155; state: ENABLED
2026-07-02 12:11:00.756  9621-9676  resanitizer.ap          org.sharesanitizer.app               W  No such thread id for suspend: 21
2026-07-02 12:11:27.820  9621-9653  System                  org.sharesanitizer.app               W  A resource failed to call release. 
2026-07-02 12:11:27.821  9621-9653  chatty                  org.sharesanitizer.app               I  uid=10155(org.sharesanitizer.app) FinalizerDaemon identical 1 line
2026-07-02 12:11:27.821  9621-9653  System                  org.sharesanitizer.app               W  A resource failed to call release. 
